// Jest Snapshot v1, https://goo.gl/fbAQLP

exports[`renders CommentCard components 1`] = `
ShallowWrapper {
  Symbol(enzyme.__root__): [Circular],
  Symbol(enzyme.__unrendered__): <CommentCard
    body="qui consequuntur ducimus
possimus quisquam amet similique
suscipit porro ipsam amet"
    email="email"
    id={1}
    name="name"
    postId={1}
  />,
  Symbol(enzyme.__renderer__): Object {
    "batchedUpdates": [Function],
    "checkPropTypes": [Function],
    "getNode": [Function],
    "render": [Function],
    "simulateError": [Function],
    "simulateEvent": [Function],
    "unmount": [Function],
  },
  Symbol(enzyme.__node__): Object {
    "instance": null,
    "key": undefined,
    "nodeType": "class",
    "props": Object {
      "children": Array [
        <CardContent>
          <CardHeader>
            name
          </CardHeader>
          <CardMeta>
            email
          </CardMeta>
          <span>
            qui consequuntur ducimus
            <br />
          </span>
          <span>
            possimus quisquam amet similique
            <br />
          </span>
          <span>
            suscipit porro ipsam amet
            <br />
          </span>
        </CardContent>,
        <CardContent
          extra={true}
          textAlign="right"
        >
          <Button
            as="button"
            icon="pencil"
            onClick={[Function]}
          />
          <Mutation
            mutation={
              Object {
                "definitions": Array [
                  Object {
                    "directives": Array [],
                    "kind": "OperationDefinition",
                    "name": Object {
                      "kind": "Name",
                      "value": "DeleteComment",
                    },
                    "operation": "mutation",
                    "selectionSet": Object {
                      "kind": "SelectionSet",
                      "selections": Array [
                        Object {
                          "alias": undefined,
                          "arguments": Array [
                            Object {
                              "kind": "Argument",
                              "name": Object {
                                "kind": "Name",
                                "value": "id",
                              },
                              "value": Object {
                                "kind": "Variable",
                                "name": Object {
                                  "kind": "Name",
                                  "value": "id",
                                },
                              },
                            },
                          ],
                          "directives": Array [],
                          "kind": "Field",
                          "name": Object {
                            "kind": "Name",
                            "value": "deleteComment",
                          },
                          "selectionSet": Object {
                            "kind": "SelectionSet",
                            "selections": Array [
                              Object {
                                "alias": undefined,
                                "arguments": Array [],
                                "directives": Array [],
                                "kind": "Field",
                                "name": Object {
                                  "kind": "Name",
                                  "value": "id",
                                },
                                "selectionSet": undefined,
                              },
                            ],
                          },
                        },
                      ],
                    },
                    "variableDefinitions": Array [
                      Object {
                        "defaultValue": undefined,
                        "directives": Array [],
                        "kind": "VariableDefinition",
                        "type": Object {
                          "kind": "NonNullType",
                          "type": Object {
                            "kind": "NamedType",
                            "name": Object {
                              "kind": "Name",
                              "value": "Int",
                            },
                          },
                        },
                        "variable": Object {
                          "kind": "Variable",
                          "name": Object {
                            "kind": "Name",
                            "value": "id",
                          },
                        },
                      },
                    ],
                  },
                ],
                "kind": "Document",
                "loc": Object {
                  "end": 87,
                  "start": 0,
                },
              }
            }
            update={[Function]}
          >
            [Function]
          </Mutation>
        </CardContent>,
      ],
      "fluid": true,
    },
    "ref": null,
    "rendered": Array [
      Object {
        "instance": null,
        "key": undefined,
        "nodeType": "function",
        "props": Object {
          "children": Array [
            <CardHeader>
              name
            </CardHeader>,
            <CardMeta>
              email
            </CardMeta>,
            Array [
              <span>
                qui consequuntur ducimus
                <br />
              </span>,
              <span>
                possimus quisquam amet similique
                <br />
              </span>,
              <span>
                suscipit porro ipsam amet
                <br />
              </span>,
            ],
          ],
        },
        "ref": null,
        "rendered": Array [
          Object {
            "instance": null,
            "key": undefined,
            "nodeType": "function",
            "props": Object {
              "children": "name",
            },
            "ref": null,
            "rendered": "name",
            "type": [Function],
          },
          Object {
            "instance": null,
            "key": undefined,
            "nodeType": "function",
            "props": Object {
              "children": "email",
            },
            "ref": null,
            "rendered": "email",
            "type": [Function],
          },
          Object {
            "instance": null,
            "key": "0",
            "nodeType": "host",
            "props": Object {
              "children": Array [
                "qui consequuntur ducimus",
                <br />,
              ],
            },
            "ref": null,
            "rendered": Array [
              "qui consequuntur ducimus",
              Object {
                "instance": null,
                "key": undefined,
                "nodeType": "host",
                "props": Object {},
                "ref": null,
                "rendered": null,
                "type": "br",
              },
            ],
            "type": "span",
          },
          Object {
            "instance": null,
            "key": "1",
            "nodeType": "host",
            "props": Object {
              "children": Array [
                "possimus quisquam amet similique",
                <br />,
              ],
            },
            "ref": null,
            "rendered": Array [
              "possimus quisquam amet similique",
              Object {
                "instance": null,
                "key": undefined,
                "nodeType": "host",
                "props": Object {},
                "ref": null,
                "rendered": null,
                "type": "br",
              },
            ],
            "type": "span",
          },
          Object {
            "instance": null,
            "key": "2",
            "nodeType": "host",
            "props": Object {
              "children": Array [
                "suscipit porro ipsam amet",
                <br />,
              ],
            },
            "ref": null,
            "rendered": Array [
              "suscipit porro ipsam amet",
              Object {
                "instance": null,
                "key": undefined,
                "nodeType": "host",
                "props": Object {},
                "ref": null,
                "rendered": null,
                "type": "br",
              },
            ],
            "type": "span",
          },
        ],
        "type": [Function],
      },
      Object {
        "instance": null,
        "key": undefined,
        "nodeType": "function",
        "props": Object {
          "children": Array [
            <Button
              as="button"
              icon="pencil"
              onClick={[Function]}
            />,
            <Mutation
              mutation={
                Object {
                  "definitions": Array [
                    Object {
                      "directives": Array [],
                      "kind": "OperationDefinition",
                      "name": Object {
                        "kind": "Name",
                        "value": "DeleteComment",
                      },
                      "operation": "mutation",
                      "selectionSet": Object {
                        "kind": "SelectionSet",
                        "selections": Array [
                          Object {
                            "alias": undefined,
                            "arguments": Array [
                              Object {
                                "kind": "Argument",
                                "name": Object {
                                  "kind": "Name",
                                  "value": "id",
                                },
                                "value": Object {
                                  "kind": "Variable",
                                  "name": Object {
                                    "kind": "Name",
                                    "value": "id",
                                  },
                                },
                              },
                            ],
                            "directives": Array [],
                            "kind": "Field",
                            "name": Object {
                              "kind": "Name",
                              "value": "deleteComment",
                            },
                            "selectionSet": Object {
                              "kind": "SelectionSet",
                              "selections": Array [
                                Object {
                                  "alias": undefined,
                                  "arguments": Array [],
                                  "directives": Array [],
                                  "kind": "Field",
                                  "name": Object {
                                    "kind": "Name",
                                    "value": "id",
                                  },
                                  "selectionSet": undefined,
                                },
                              ],
                            },
                          },
                        ],
                      },
                      "variableDefinitions": Array [
                        Object {
                          "defaultValue": undefined,
                          "directives": Array [],
                          "kind": "VariableDefinition",
                          "type": Object {
                            "kind": "NonNullType",
                            "type": Object {
                              "kind": "NamedType",
                              "name": Object {
                                "kind": "Name",
                                "value": "Int",
                              },
                            },
                          },
                          "variable": Object {
                            "kind": "Variable",
                            "name": Object {
                              "kind": "Name",
                              "value": "id",
                            },
                          },
                        },
                      ],
                    },
                  ],
                  "kind": "Document",
                  "loc": Object {
                    "end": 87,
                    "start": 0,
                  },
                }
              }
              update={[Function]}
            >
              [Function]
            </Mutation>,
          ],
          "extra": true,
          "textAlign": "right",
        },
        "ref": null,
        "rendered": Array [
          Object {
            "instance": null,
            "key": undefined,
            "nodeType": "class",
            "props": Object {
              "as": "button",
              "icon": "pencil",
              "onClick": [Function],
            },
            "ref": null,
            "rendered": null,
            "type": [Function],
          },
          Object {
            "instance": null,
            "key": undefined,
            "nodeType": "class",
            "props": Object {
              "children": [Function],
              "mutation": Object {
                "definitions": Array [
                  Object {
                    "directives": Array [],
                    "kind": "OperationDefinition",
                    "name": Object {
                      "kind": "Name",
                      "value": "DeleteComment",
                    },
                    "operation": "mutation",
                    "selectionSet": Object {
                      "kind": "SelectionSet",
                      "selections": Array [
                        Object {
                          "alias": undefined,
                          "arguments": Array [
                            Object {
                              "kind": "Argument",
                              "name": Object {
                                "kind": "Name",
                                "value": "id",
                              },
                              "value": Object {
                                "kind": "Variable",
                                "name": Object {
                                  "kind": "Name",
                                  "value": "id",
                                },
                              },
                            },
                          ],
                          "directives": Array [],
                          "kind": "Field",
                          "name": Object {
                            "kind": "Name",
                            "value": "deleteComment",
                          },
                          "selectionSet": Object {
                            "kind": "SelectionSet",
                            "selections": Array [
                              Object {
                                "alias": undefined,
                                "arguments": Array [],
                                "directives": Array [],
                                "kind": "Field",
                                "name": Object {
                                  "kind": "Name",
                                  "value": "id",
                                },
                                "selectionSet": undefined,
                              },
                            ],
                          },
                        },
                      ],
                    },
                    "variableDefinitions": Array [
                      Object {
                        "defaultValue": undefined,
                        "directives": Array [],
                        "kind": "VariableDefinition",
                        "type": Object {
                          "kind": "NonNullType",
                          "type": Object {
                            "kind": "NamedType",
                            "name": Object {
                              "kind": "Name",
                              "value": "Int",
                            },
                          },
                        },
                        "variable": Object {
                          "kind": "Variable",
                          "name": Object {
                            "kind": "Name",
                            "value": "id",
                          },
                        },
                      },
                    ],
                  },
                ],
                "kind": "Document",
                "loc": Object {
                  "end": 87,
                  "start": 0,
                },
              },
              "update": [Function],
            },
            "ref": null,
            "rendered": [Function],
            "type": [Function],
          },
        ],
        "type": [Function],
      },
    ],
    "type": [Function],
  },
  Symbol(enzyme.__nodes__): Array [
    Object {
      "instance": null,
      "key": undefined,
      "nodeType": "class",
      "props": Object {
        "children": Array [
          <CardContent>
            <CardHeader>
              name
            </CardHeader>
            <CardMeta>
              email
            </CardMeta>
            <span>
              qui consequuntur ducimus
              <br />
            </span>
            <span>
              possimus quisquam amet similique
              <br />
            </span>
            <span>
              suscipit porro ipsam amet
              <br />
            </span>
          </CardContent>,
          <CardContent
            extra={true}
            textAlign="right"
          >
            <Button
              as="button"
              icon="pencil"
              onClick={[Function]}
            />
            <Mutation
              mutation={
                Object {
                  "definitions": Array [
                    Object {
                      "directives": Array [],
                      "kind": "OperationDefinition",
                      "name": Object {
                        "kind": "Name",
                        "value": "DeleteComment",
                      },
                      "operation": "mutation",
                      "selectionSet": Object {
                        "kind": "SelectionSet",
                        "selections": Array [
                          Object {
                            "alias": undefined,
                            "arguments": Array [
                              Object {
                                "kind": "Argument",
                                "name": Object {
                                  "kind": "Name",
                                  "value": "id",
                                },
                                "value": Object {
                                  "kind": "Variable",
                                  "name": Object {
                                    "kind": "Name",
                                    "value": "id",
                                  },
                                },
                              },
                            ],
                            "directives": Array [],
                            "kind": "Field",
                            "name": Object {
                              "kind": "Name",
                              "value": "deleteComment",
                            },
                            "selectionSet": Object {
                              "kind": "SelectionSet",
                              "selections": Array [
                                Object {
                                  "alias": undefined,
                                  "arguments": Array [],
                                  "directives": Array [],
                                  "kind": "Field",
                                  "name": Object {
                                    "kind": "Name",
                                    "value": "id",
                                  },
                                  "selectionSet": undefined,
                                },
                              ],
                            },
                          },
                        ],
                      },
                      "variableDefinitions": Array [
                        Object {
                          "defaultValue": undefined,
                          "directives": Array [],
                          "kind": "VariableDefinition",
                          "type": Object {
                            "kind": "NonNullType",
                            "type": Object {
                              "kind": "NamedType",
                              "name": Object {
                                "kind": "Name",
                                "value": "Int",
                              },
                            },
                          },
                          "variable": Object {
                            "kind": "Variable",
                            "name": Object {
                              "kind": "Name",
                              "value": "id",
                            },
                          },
                        },
                      ],
                    },
                  ],
                  "kind": "Document",
                  "loc": Object {
                    "end": 87,
                    "start": 0,
                  },
                }
              }
              update={[Function]}
            >
              [Function]
            </Mutation>
          </CardContent>,
        ],
        "fluid": true,
      },
      "ref": null,
      "rendered": Array [
        Object {
          "instance": null,
          "key": undefined,
          "nodeType": "function",
          "props": Object {
            "children": Array [
              <CardHeader>
                name
              </CardHeader>,
              <CardMeta>
                email
              </CardMeta>,
              Array [
                <span>
                  qui consequuntur ducimus
                  <br />
                </span>,
                <span>
                  possimus quisquam amet similique
                  <br />
                </span>,
                <span>
                  suscipit porro ipsam amet
                  <br />
                </span>,
              ],
            ],
          },
          "ref": null,
          "rendered": Array [
            Object {
              "instance": null,
              "key": undefined,
              "nodeType": "function",
              "props": Object {
                "children": "name",
              },
              "ref": null,
              "rendered": "name",
              "type": [Function],
            },
            Object {
              "instance": null,
              "key": undefined,
              "nodeType": "function",
              "props": Object {
                "children": "email",
              },
              "ref": null,
              "rendered": "email",
              "type": [Function],
            },
            Object {
              "instance": null,
              "key": "0",
              "nodeType": "host",
              "props": Object {
                "children": Array [
                  "qui consequuntur ducimus",
                  <br />,
                ],
              },
              "ref": null,
              "rendered": Array [
                "qui consequuntur ducimus",
                Object {
                  "instance": null,
                  "key": undefined,
                  "nodeType": "host",
                  "props": Object {},
                  "ref": null,
                  "rendered": null,
                  "type": "br",
                },
              ],
              "type": "span",
            },
            Object {
              "instance": null,
              "key": "1",
              "nodeType": "host",
              "props": Object {
                "children": Array [
                  "possimus quisquam amet similique",
                  <br />,
                ],
              },
              "ref": null,
              "rendered": Array [
                "possimus quisquam amet similique",
                Object {
                  "instance": null,
                  "key": undefined,
                  "nodeType": "host",
                  "props": Object {},
                  "ref": null,
                  "rendered": null,
                  "type": "br",
                },
              ],
              "type": "span",
            },
            Object {
              "instance": null,
              "key": "2",
              "nodeType": "host",
              "props": Object {
                "children": Array [
                  "suscipit porro ipsam amet",
                  <br />,
                ],
              },
              "ref": null,
              "rendered": Array [
                "suscipit porro ipsam amet",
                Object {
                  "instance": null,
                  "key": undefined,
                  "nodeType": "host",
                  "props": Object {},
                  "ref": null,
                  "rendered": null,
                  "type": "br",
                },
              ],
              "type": "span",
            },
          ],
          "type": [Function],
        },
        Object {
          "instance": null,
          "key": undefined,
          "nodeType": "function",
          "props": Object {
            "children": Array [
              <Button
                as="button"
                icon="pencil"
                onClick={[Function]}
              />,
              <Mutation
                mutation={
                  Object {
                    "definitions": Array [
                      Object {
                        "directives": Array [],
                        "kind": "OperationDefinition",
                        "name": Object {
                          "kind": "Name",
                          "value": "DeleteComment",
                        },
                        "operation": "mutation",
                        "selectionSet": Object {
                          "kind": "SelectionSet",
                          "selections": Array [
                            Object {
                              "alias": undefined,
                              "arguments": Array [
                                Object {
                                  "kind": "Argument",
                                  "name": Object {
                                    "kind": "Name",
                                    "value": "id",
                                  },
                                  "value": Object {
                                    "kind": "Variable",
                                    "name": Object {
                                      "kind": "Name",
                                      "value": "id",
                                    },
                                  },
                                },
                              ],
                              "directives": Array [],
                              "kind": "Field",
                              "name": Object {
                                "kind": "Name",
                                "value": "deleteComment",
                              },
                              "selectionSet": Object {
                                "kind": "SelectionSet",
                                "selections": Array [
                                  Object {
                                    "alias": undefined,
                                    "arguments": Array [],
                                    "directives": Array [],
                                    "kind": "Field",
                                    "name": Object {
                                      "kind": "Name",
                                      "value": "id",
                                    },
                                    "selectionSet": undefined,
                                  },
                                ],
                              },
                            },
                          ],
                        },
                        "variableDefinitions": Array [
                          Object {
                            "defaultValue": undefined,
                            "directives": Array [],
                            "kind": "VariableDefinition",
                            "type": Object {
                              "kind": "NonNullType",
                              "type": Object {
                                "kind": "NamedType",
                                "name": Object {
                                  "kind": "Name",
                                  "value": "Int",
                                },
                              },
                            },
                            "variable": Object {
                              "kind": "Variable",
                              "name": Object {
                                "kind": "Name",
                                "value": "id",
                              },
                            },
                          },
                        ],
                      },
                    ],
                    "kind": "Document",
                    "loc": Object {
                      "end": 87,
                      "start": 0,
                    },
                  }
                }
                update={[Function]}
              >
                [Function]
              </Mutation>,
            ],
            "extra": true,
            "textAlign": "right",
          },
          "ref": null,
          "rendered": Array [
            Object {
              "instance": null,
              "key": undefined,
              "nodeType": "class",
              "props": Object {
                "as": "button",
                "icon": "pencil",
                "onClick": [Function],
              },
              "ref": null,
              "rendered": null,
              "type": [Function],
            },
            Object {
              "instance": null,
              "key": undefined,
              "nodeType": "class",
              "props": Object {
                "children": [Function],
                "mutation": Object {
                  "definitions": Array [
                    Object {
                      "directives": Array [],
                      "kind": "OperationDefinition",
                      "name": Object {
                        "kind": "Name",
                        "value": "DeleteComment",
                      },
                      "operation": "mutation",
                      "selectionSet": Object {
                        "kind": "SelectionSet",
                        "selections": Array [
                          Object {
                            "alias": undefined,
                            "arguments": Array [
                              Object {
                                "kind": "Argument",
                                "name": Object {
                                  "kind": "Name",
                                  "value": "id",
                                },
                                "value": Object {
                                  "kind": "Variable",
                                  "name": Object {
                                    "kind": "Name",
                                    "value": "id",
                                  },
                                },
                              },
                            ],
                            "directives": Array [],
                            "kind": "Field",
                            "name": Object {
                              "kind": "Name",
                              "value": "deleteComment",
                            },
                            "selectionSet": Object {
                              "kind": "SelectionSet",
                              "selections": Array [
                                Object {
                                  "alias": undefined,
                                  "arguments": Array [],
                                  "directives": Array [],
                                  "kind": "Field",
                                  "name": Object {
                                    "kind": "Name",
                                    "value": "id",
                                  },
                                  "selectionSet": undefined,
                                },
                              ],
                            },
                          },
                        ],
                      },
                      "variableDefinitions": Array [
                        Object {
                          "defaultValue": undefined,
                          "directives": Array [],
                          "kind": "VariableDefinition",
                          "type": Object {
                            "kind": "NonNullType",
                            "type": Object {
                              "kind": "NamedType",
                              "name": Object {
                                "kind": "Name",
                                "value": "Int",
                              },
                            },
                          },
                          "variable": Object {
                            "kind": "Variable",
                            "name": Object {
                              "kind": "Name",
                              "value": "id",
                            },
                          },
                        },
                      ],
                    },
                  ],
                  "kind": "Document",
                  "loc": Object {
                    "end": 87,
                    "start": 0,
                  },
                },
                "update": [Function],
              },
              "ref": null,
              "rendered": [Function],
              "type": [Function],
            },
          ],
          "type": [Function],
        },
      ],
      "type": [Function],
    },
  ],
  Symbol(enzyme.__options__): Object {
    "adapter": ReactSixteenAdapter {
      "options": Object {
        "enableComponentDidUpdateOnSetState": true,
        "legacyContextMode": "parent",
        "lifecycles": Object {
          "componentDidUpdate": Object {
            "onSetState": true,
          },
          "getChildContext": Object {
            "calledByRenderer": false,
          },
          "getDerivedStateFromProps": true,
          "getSnapshotBeforeUpdate": true,
          "setState": Object {
            "skipsComponentDidUpdateOnNullish": true,
          },
        },
      },
    },
  },
}
`;
